𝗛𝗲𝗮𝗱𝗲𝗿

𝗯𝗼𝗹𝗱 and 𝘪𝘵𝘢𝘭𝘪𝘤

• item 1
• item 2
link (https://example.com)